Archive member included to satisfy reference by file (symbol)

c:/ac6/systemworkbench/plugins/fr.ac6.mcu.externaltools.arm-none.win32_1.15.0.201708311556/tools/compiler/bin/../lib/gcc/arm-none-eabi/6.3.1/../../../../arm-none-eabi/lib/thumb/v7e-m/fpv4-sp/hard\libc_nano.a(lib_a-exit.o)
                              c:/ac6/systemworkbench/plugins/fr.ac6.mcu.externaltools.arm-none.win32_1.15.0.201708311556/tools/compiler/bin/../lib/gcc/arm-none-eabi/6.3.1/../../../../arm-none-eabi/lib/thumb/v7e-m/fpv4-sp/hard/crt0.o (exit)
c:/ac6/systemworkbench/plugins/fr.ac6.mcu.externaltools.arm-none.win32_1.15.0.201708311556/tools/compiler/bin/../lib/gcc/arm-none-eabi/6.3.1/../../../../arm-none-eabi/lib/thumb/v7e-m/fpv4-sp/hard\libc_nano.a(lib_a-impure.o)
                              c:/ac6/systemworkbench/plugins/fr.ac6.mcu.externaltools.arm-none.win32_1.15.0.201708311556/tools/compiler/bin/../lib/gcc/arm-none-eabi/6.3.1/../../../../arm-none-eabi/lib/thumb/v7e-m/fpv4-sp/hard\libc_nano.a(lib_a-exit.o) (_global_impure_ptr)
c:/ac6/systemworkbench/plugins/fr.ac6.mcu.externaltools.arm-none.win32_1.15.0.201708311556/tools/compiler/bin/../lib/gcc/arm-none-eabi/6.3.1/../../../../arm-none-eabi/lib/thumb/v7e-m/fpv4-sp/hard\libc_nano.a(lib_a-init.o)
                              c:/ac6/systemworkbench/plugins/fr.ac6.mcu.externaltools.arm-none.win32_1.15.0.201708311556/tools/compiler/bin/../lib/gcc/arm-none-eabi/6.3.1/../../../../arm-none-eabi/lib/thumb/v7e-m/fpv4-sp/hard/crt0.o (__libc_init_array)
c:/ac6/systemworkbench/plugins/fr.ac6.mcu.externaltools.arm-none.win32_1.15.0.201708311556/tools/compiler/bin/../lib/gcc/arm-none-eabi/6.3.1/../../../../arm-none-eabi/lib/thumb/v7e-m/fpv4-sp/hard\libc_nano.a(lib_a-memset.o)
                              c:/ac6/systemworkbench/plugins/fr.ac6.mcu.externaltools.arm-none.win32_1.15.0.201708311556/tools/compiler/bin/../lib/gcc/arm-none-eabi/6.3.1/../../../../arm-none-eabi/lib/thumb/v7e-m/fpv4-sp/hard/crt0.o (memset)
c:/ac6/systemworkbench/plugins/fr.ac6.mcu.externaltools.arm-none.win32_1.15.0.201708311556/tools/compiler/bin/../lib/gcc/arm-none-eabi/6.3.1/../../../../arm-none-eabi/lib/thumb/v7e-m/fpv4-sp/hard\libnosys.a(_exit.o)
                              c:/ac6/systemworkbench/plugins/fr.ac6.mcu.externaltools.arm-none.win32_1.15.0.201708311556/tools/compiler/bin/../lib/gcc/arm-none-eabi/6.3.1/../../../../arm-none-eabi/lib/thumb/v7e-m/fpv4-sp/hard\libc_nano.a(lib_a-exit.o) (_exit)

Allocating common symbols
Common symbol       size              file

uwTick              0x4               Drivers/STM32F3xx_HAL_Driver/stm32f3xx_hal.o
pFlash              0x20              Drivers/STM32F3xx_HAL_Driver/stm32f3xx_hal_flash.o
input_capture       0x4               Application/User/main.o
htim2               0x40              Application/User/main.o

Discarded input sections

 .text          0x00000000        0x0 c:/ac6/systemworkbench/plugins/fr.ac6.mcu.externaltools.arm-none.win32_1.15.0.201708311556/tools/compiler/bin/../lib/gcc/arm-none-eabi/6.3.1/thumb/v7e-m/fpv4-sp/hard/crti.o
 .data          0x00000000        0x0 c:/ac6/systemworkbench/plugins/fr.ac6.mcu.externaltools.arm-none.win32_1.15.0.201708311556/tools/compiler/bin/../lib/gcc/arm-none-eabi/6.3.1/thumb/v7e-m/fpv4-sp/hard/crti.o
 .bss           0x00000000        0x0 c:/ac6/systemworkbench/plugins/fr.ac6.mcu.externaltools.arm-none.win32_1.15.0.201708311556/tools/compiler/bin/../lib/gcc/arm-none-eabi/6.3.1/thumb/v7e-m/fpv4-sp/hard/crti.o
 .data          0x00000000        0x4 c:/ac6/systemworkbench/plugins/fr.ac6.mcu.externaltools.arm-none.win32_1.15.0.201708311556/tools/compiler/bin/../lib/gcc/arm-none-eabi/6.3.1/thumb/v7e-m/fpv4-sp/hard/crtbegin.o
 .text          0x00000000       0x74 c:/ac6/systemworkbench/plugins/fr.ac6.mcu.externaltools.arm-none.win32_1.15.0.201708311556/tools/compiler/bin/../lib/gcc/arm-none-eabi/6.3.1/../../../../arm-none-eabi/lib/thumb/v7e-m/fpv4-sp/hard/crt0.o
 .data          0x00000000        0x0 c:/ac6/systemworkbench/plugins/fr.ac6.mcu.externaltools.arm-none.win32_1.15.0.201708311556/tools/compiler/bin/../lib/gcc/arm-none-eabi/6.3.1/../../../../arm-none-eabi/lib/thumb/v7e-m/fpv4-sp/hard/crt0.o
 .bss           0x00000000        0x0 c:/ac6/systemworkbench/plugins/fr.ac6.mcu.externaltools.arm-none.win32_1.15.0.201708311556/tools/compiler/bin/../lib/gcc/arm-none-eabi/6.3.1/../../../../arm-none-eabi/lib/thumb/v7e-m/fpv4-sp/hard/crt0.o
 .ARM.extab     0x00000000        0x0 c:/ac6/systemworkbench/plugins/fr.ac6.mcu.externaltools.arm-none.win32_1.15.0.201708311556/tools/compiler/bin/../lib/gcc/arm-none-eabi/6.3.1/../../../../arm-none-eabi/lib/thumb/v7e-m/fpv4-sp/hard/crt0.o
 .ARM.exidx     0x00000000        0x8 c:/ac6/systemworkbench/plugins/fr.ac6.mcu.externaltools.arm-none.win32_1.15.0.201708311556/tools/compiler/bin/../lib/gcc/arm-none-eabi/6.3.1/../../../../arm-none-eabi/lib/thumb/v7e-m/fpv4-sp/hard/crt0.o
 .ARM.attributes
[...]
Memory Configuration

Name             Origin             Length             Attributes
RAM              0x20000000         0x0000a000         xrw
CCMRAM           0x10000000         0x00002000         rw
FLASH            0x08000000         0x00040000         xr
*default*        0x00000000         0xffffffff

Linker script and memory map

LOAD c:/ac6/systemworkbench/plugins/fr.ac6.mcu.externaltools.arm-none.win32_1.15.0.201708311556/tools/compiler/bin/../lib/gcc/arm-none-eabi/6.3.1/thumb/v7e-m/fpv4-sp/hard/crti.o
LOAD c:/ac6/systemworkbench/plugins/fr.ac6.mcu.externaltools.arm-none.win32_1.15.0.201708311556/tools/compiler/bin/../lib/gcc/arm-none-eabi/6.3.1/thumb/v7e-m/fpv4-sp/hard/crtbegin.o
LOAD c:/ac6/systemworkbench/plugins/fr.ac6.mcu.externaltools.arm-none.win32_1.15.0.201708311556/tools/compiler/bin/../lib/gcc/arm-none-eabi/6.3.1/../../../../arm-none-eabi/lib/thumb/v7e-m/fpv4-sp/hard/crt0.o
LOAD Application/SW4STM32/startup_stm32f303xc.o
LOAD Application/User/main.o
LOAD Application/User/stm32f3xx_hal_msp.o
LOAD Application/User/stm32f3xx_it.o
LOAD Drivers/CMSIS/system_stm32f3xx.o
LOAD Drivers/STM32F3xx_HAL_Driver/stm32f3xx_hal.o
LOAD Drivers/STM32F3xx_HAL_Driver/stm32f3xx_hal_cortex.o
LOAD Drivers/STM32F3xx_HAL_Driver/stm32f3xx_hal_dma.o
LOAD Drivers/STM32F3xx_HAL_Driver/stm32f3xx_hal_flash.o
LOAD Drivers/STM32F3xx_HAL_Driver/stm32f3xx_hal_flash_ex.o
LOAD Drivers/STM32F3xx_HAL_Driver/stm32f3xx_hal_gpio.o
LOAD Drivers/STM32F3xx_HAL_Driver/stm32f3xx_hal_i2c.o
LOAD Drivers/STM32F3xx_HAL_Driver/stm32f3xx_hal_i2c_ex.o
LOAD Drivers/STM32F3xx_HAL_Driver/stm32f3xx_hal_pwr.o
LOAD Drivers/STM32F3xx_HAL_Driver/stm32f3xx_hal_pwr_ex.o
LOAD Drivers/STM32F3xx_HAL_Driver/stm32f3xx_hal_rcc.o
LOAD Drivers/STM32F3xx_HAL_Driver/stm32f3xx_hal_rcc_ex.o
LOAD Drivers/STM32F3xx_HAL_Driver/stm32f3xx_hal_tim.o
LOAD Drivers/STM32F3xx_HAL_Driver/stm32f3xx_hal_tim_ex.o
LOAD c:/ac6/systemworkbench/plugins/fr.ac6.mcu.externaltools.arm-none.win32_1.15.0.201708311556/tools/compiler/bin/../lib/gcc/arm-none-eabi/6.3.1/../../../../arm-none-eabi/lib/thumb/v7e-m/fpv4-sp/hard\libm.a
START GROUP
LOAD c:/ac6/systemworkbench/plugins/fr.ac6.mcu.externaltools.arm-none.win32_1.15.0.201708311556/tools/compiler/bin/../lib/gcc/arm-none-eabi/6.3.1/thumb/v7e-m/fpv4-sp/hard\libgcc.a
LOAD c:/ac6/systemworkbench/plugins/fr.ac6.mcu.externaltools.arm-none.win32_1.15.0.201708311556/tools/compiler/bin/../lib/gcc/arm-none-eabi/6.3.1/../../../../arm-none-eabi/lib/thumb/v7e-m/fpv4-sp/hard\libc_nano.a
END GROUP
START GROUP
LOAD c:/ac6/systemworkbench/plugins/fr.ac6.mcu.externaltools.arm-none.win32_1.15.0.201708311556/tools/compiler/bin/../lib/gcc/arm-none-eabi/6.3.1/thumb/v7e-m/fpv4-sp/hard\libgcc.a
LOAD c:/ac6/systemworkbench/plugins/fr.ac6.mcu.externaltools.arm-none.win32_1.15.0.201708311556/tools/compiler/bin/../lib/gcc/arm-none-eabi/6.3.1/../../../../arm-none-eabi/lib/thumb/v7e-m/fpv4-sp/hard\libc_nano.a
LOAD c:/ac6/systemworkbench/plugins/fr.ac6.mcu.externaltools.arm-none.win32_1.15.0.201708311556/tools/compiler/bin/../lib/gcc/arm-none-eabi/6.3.1/../../../../arm-none-eabi/lib/thumb/v7e-m/fpv4-sp/hard\libnosys.a
END GROUP
START GROUP
LOAD c:/ac6/systemworkbench/plugins/fr.ac6.mcu.externaltools.arm-none.win32_1.15.0.201708311556/tools/compiler/bin/../lib/gcc/arm-none-eabi/6.3.1/thumb/v7e-m/fpv4-sp/hard\libgcc.a
LOAD c:/ac6/systemworkbench/plugins/fr.ac6.mcu.externaltools.arm-none.win32_1.15.0.201708311556/tools/compiler/bin/../lib/gcc/arm-none-eabi/6.3.1/../../../../arm-none-eabi/lib/thumb/v7e-m/fpv4-sp/hard\libc_nano.a
LOAD c:/ac6/systemworkbench/plugins/fr.ac6.mcu.externaltools.arm-none.win32_1.15.0.201708311556/tools/compiler/bin/../lib/gcc/arm-none-eabi/6.3.1/../../../../arm-none-eabi/lib/thumb/v7e-m/fpv4-sp/hard\libnosys.a
END GROUP
LOAD c:/ac6/systemworkbench/plugins/fr.ac6.mcu.externaltools.arm-none.win32_1.15.0.201708311556/tools/compiler/bin/../lib/gcc/arm-none-eabi/6.3.1/thumb/v7e-m/fpv4-sp/hard/crtend.o
LOAD c:/ac6/systemworkbench/plugins/fr.ac6.mcu.externaltools.arm-none.win32_1.15.0.201708311556/tools/compiler/bin/../lib/gcc/arm-none-eabi/6.3.1/thumb/v7e-m/fpv4-sp/hard/crtn.o
                0x2000a000                _estack = 0x2000a000
                0x00000200                _Min_Heap_Size = 0x200
                0x00000400                _Min_Stack_Size = 0x400

.isr_vector     0x08000000      0x188
                0x08000000                . = ALIGN (0x4)
 *(.isr_vector)
 .isr_vector    0x08000000      0x188 Application/SW4STM32/startup_stm32f303xc.o
                0x08000000                g_pfnVectors
                0x08000188                . = ALIGN (0x4)

.text           0x08000188     0x169c
                0x08000188                . = ALIGN (0x4)
 *(.text)
 .text          0x08000188       0x6c c:/ac6/systemworkbench/plugins/fr.ac6.mcu.externaltools.arm-none.win32_1.15.0.201708311556/tools/compiler/bin/../lib/gcc/arm-none-eabi/6.3.1/thumb/v7e-m/fpv4-sp/hard/crtbegin.o
 *(.text*)
 .text.Reset_Handler
                0x080001f4       0x50 Application/SW4STM32/startup_stm32f303xc.o
                0x080001f4                Reset_Handler
 .text.Default_Handler
                0x08000244        0x2 Application/SW4STM32/startup_stm32f303xc.o
                0x08000244                RTC_Alarm_IRQHandler
                0x08000244                TIM8_TRG_COM_IRQHandler
                0x08000244                TIM8_CC_IRQHandler
                0x08000244                TIM1_CC_IRQHandler
                0x08000244                USB_HP_IRQHandler
                0x08000244                PVD_IRQHandler
                0x08000244                TAMP_STAMP_IRQHandler
                0x08000244                EXTI3_IRQHandler
                0x08000244                USB_HP_CAN_TX_IRQHandler
                0x08000244                EXTI0_IRQHandler
                0x08000244                I2C2_EV_IRQHandler
                0x08000244                FPU_IRQHandler
                0x08000244                TIM1_UP_TIM16_IRQHandler
                0x08000244                ADC1_2_IRQHandler
                0x08000244                SPI1_IRQHandler
                0x08000244                CAN_SCE_IRQHandler
                0x08000244                TIM6_DAC_IRQHandler
                0x08000244                TIM8_UP_IRQHandler
                0x08000244                DMA2_Channel2_IRQHandler
                0x08000244                DMA1_Channel4_IRQHandler
                0x08000244                USART3_IRQHandler
                0x08000244                DMA1_Channel7_IRQHandler
                0x08000244                UART5_IRQHandler
                0x08000244                ADC3_IRQHandler
                0x08000244                TIM4_IRQHandler
                0x08000244                CAN_RX1_IRQHandler
                0x08000244                DMA2_Channel1_IRQHandler
                0x08000244                I2C1_EV_IRQHandler
                0x08000244                DMA1_Channel6_IRQHandler
                0x08000244                UART4_IRQHandler
                0x08000244                DMA2_Channel4_IRQHandler
                0x08000244                TIM3_IRQHandler
                0x08000244                RCC_IRQHandler
                0x08000244                DMA1_Channel1_IRQHandler
                0x08000244                Default_Handler
                0x08000244                USBWakeUp_RMP_IRQHandler
                0x08000244                EXTI15_10_IRQHandler
                0x08000244                TIM7_IRQHandler
                0x08000244                EXTI9_5_IRQHandler
                0x08000244                RTC_WKUP_IRQHandler
                0x08000244                SPI2_IRQHandler
                0x08000244                USB_LP_CAN_RX0_IRQHandler
                0x08000244                DMA2_Channel5_IRQHandler
                0x08000244                DMA1_Channel5_IRQHandler
                0x08000244                USB_LP_IRQHandler
                0x08000244                EXTI4_IRQHandler
                0x08000244                TIM1_TRG_COM_TIM17_IRQHandler
                0x08000244                DMA1_Channel3_IRQHandler
                0x08000244                ADC4_IRQHandler
                0x08000244                WWDG_IRQHandler
                0x08000244                COMP7_IRQHandler
                0x08000244                COMP1_2_3_IRQHandler
                0x08000244                EXTI1_IRQHandler
                0x08000244                USART2_IRQHandler
                0x08000244                COMP4_5_6_IRQHandler
                0x08000244                I2C2_ER_IRQHandler
                0x08000244                DMA1_Channel2_IRQHandler
                0x08000244                TIM8_BRK_IRQHandler
                0x08000244                FLASH_IRQHandler
                0x08000244                USART1_IRQHandler
                0x08000244                SPI3_IRQHandler
                0x08000244                I2C1_ER_IRQHandler
                0x08000244                USBWakeUp_IRQHandler
                0x08000244                DMA2_Channel3_IRQHandler
                0x08000244                EXTI2_TSC_IRQHandler
                0x08000244                TIM1_BRK_TIM15_IRQHandler
 *fill*         0x08000246        0x2 
 .text.MX_GPIO_Init
                0x08000248       0x30 Application/User/main.o
 .text.HAL_TIM_IC_CaptureCallback
                0x08000278       0x2c Application/User/main.o
                0x08000278                HAL_TIM_IC_CaptureCallback
 .text._Error_Handler
                0x080002a4        0x2 Application/User/main.o
                0x080002a4                _Error_Handler
 *fill*         0x080002a6        0x2 
 .text.MX_TIM2_Init
                0x080002a8       0x9c Application/User/main.o
 .text.SystemClock_Config
                0x08000344       0x84 Application/User/main.o
                0x08000344                SystemClock_Config
 .text.main     0x080003c8       0x30 Application/User/main.o
                0x080003c8                main
 .text.HAL_MspInit
                0x080003f8       0x7c Application/User/stm32f3xx_hal_msp.o
                0x080003f8                HAL_MspInit
 .text.HAL_TIM_Base_MspInit
                0x08000474       0x52 Application/User/stm32f3xx_hal_msp.o
                0x08000474                HAL_TIM_Base_MspInit
 .text.NMI_Handler
                0x080004c6        0x2 Application/User/stm32f3xx_it.o
                0x080004c6                NMI_Handler
 .text.HardFault_Handler
                0x080004c8        0x2 Application/User/stm32f3xx_it.o
                0x080004c8                HardFault_Handler
 .text.MemManage_Handler
                0x080004ca        0x2 Application/User/stm32f3xx_it.o
                0x080004ca                MemManage_Handler
 .text.BusFault_Handler
                0x080004cc        0x2 Application/User/stm32f3xx_it.o
                0x080004cc                BusFault_Handler
 .text.UsageFault_Handler
                0x080004ce        0x2 Application/User/stm32f3xx_it.o
                0x080004ce                UsageFault_Handler
 .text.SVC_Handler
                0x080004d0        0x2 Application/User/stm32f3xx_it.o
                0x080004d0                SVC_Handler
 .text.DebugMon_Handler
                0x080004d2        0x2 Application/User/stm32f3xx_it.o
                0x080004d2                DebugMon_Handler
 .text.PendSV_Handler
                0x080004d4        0x2 Application/User/stm32f3xx_it.o
                0x080004d4                PendSV_Handler
 .text.SysTick_Handler
                0x080004d6        0xc Application/User/stm32f3xx_it.o
                0x080004d6                SysTick_Handler
 *fill*         0x080004e2        0x2 
 .text.TIM2_IRQHandler
                0x080004e4       0x10 Application/User/stm32f3xx_it.o
                0x080004e4                TIM2_IRQHandler
 .text.SystemInit
                0x080004f4       0x68 Drivers/CMSIS/system_stm32f3xx.o
                0x080004f4                SystemInit
 .text.HAL_InitTick
                0x0800055c       0x2c Drivers/STM32F3xx_HAL_Driver/stm32f3xx_hal.o
                0x0800055c                HAL_InitTick
 .text.HAL_Init
                0x08000588       0x24 Drivers/STM32F3xx_HAL_Driver/stm32f3xx_hal.o
                0x08000588                HAL_Init
 .text.HAL_IncTick
                0x080005ac       0x10 Drivers/STM32F3xx_HAL_Driver/stm32f3xx_hal.o
                0x080005ac                HAL_IncTick
 .text.HAL_GetTick
                0x080005bc        0xc Drivers/STM32F3xx_HAL_Driver/stm32f3xx_hal.o
                0x080005bc                HAL_GetTick
 .text.HAL_NVIC_SetPriorityGrouping
                0x080005c8       0x24 Drivers/STM32F3xx_HAL_Driver/stm32f3xx_hal_cortex.o
                0x080005c8                HAL_NVIC_SetPriorityGrouping
 .text.HAL_NVIC_SetPriority
                0x080005ec       0x64 Drivers/STM32F3xx_HAL_Driver/stm32f3xx_hal_cortex.o
                0x080005ec                HAL_NVIC_SetPriority
 .text.HAL_NVIC_EnableIRQ
                0x08000650       0x18 Drivers/STM32F3xx_HAL_Driver/stm32f3xx_hal_cortex.o
                0x08000650                HAL_NVIC_EnableIRQ
 .text.HAL_SYSTICK_Config
                0x08000668       0x2c Drivers/STM32F3xx_HAL_Driver/stm32f3xx_hal_cortex.o
                0x08000668                HAL_SYSTICK_Config
 .text.HAL_SYSTICK_CLKSourceConfig
                0x08000694       0x20 Drivers/STM32F3xx_HAL_Driver/stm32f3xx_hal_cortex.o
                0x08000694                HAL_SYSTICK_CLKSourceConfig
 .text.HAL_SYSTICK_Callback
                0x080006b4        0x2 Drivers/STM32F3xx_HAL_Driver/stm32f3xx_hal_cortex.o
                0x080006b4                HAL_SYSTICK_Callback
 .text.HAL_SYSTICK_IRQHandler
                0x080006b6        0x8 Drivers/STM32F3xx_HAL_Driver/stm32f3xx_hal_cortex.o
                0x080006b6                HAL_SYSTICK_IRQHandler
 *fill*         0x080006be        0x2 
 .text.HAL_GPIO_Init
                0x080006c0      0x1a0 Drivers/STM32F3xx_HAL_Driver/stm32f3xx_hal_gpio.o
                0x080006c0                HAL_GPIO_Init
 .text.HAL_RCC_OscConfig
                0x08000860      0x60c Drivers/STM32F3xx_HAL_Driver/stm32f3xx_hal_rcc.o
                0x08000860                HAL_RCC_OscConfig
 .text.HAL_RCC_GetSysClockFreq
                0x08000e6c       0x70 Drivers/STM32F3xx_HAL_Driver/stm32f3xx_hal_rcc.o
                0x08000e6c                HAL_RCC_GetSysClockFreq
 .text.HAL_RCC_ClockConfig
                0x08000edc      0x1d4 Drivers/STM32F3xx_HAL_Driver/stm32f3xx_hal_rcc.o
                0x08000edc                HAL_RCC_ClockConfig
 .text.HAL_RCC_GetHCLKFreq
                0x080010b0        0xc Drivers/STM32F3xx_HAL_Driver/stm32f3xx_hal_rcc.o
                0x080010b0                HAL_RCC_GetHCLKFreq
 .text.TIM_TI1_ConfigInputStage
                0x080010bc       0x26 Drivers/STM32F3xx_HAL_Driver/stm32f3xx_hal_tim.o
 .text.TIM_TI2_SetConfig
                0x080010e2       0x34 Drivers/STM32F3xx_HAL_Driver/stm32f3xx_hal_tim.o
 .text.TIM_TI2_ConfigInputStage
                0x08001116       0x28 Drivers/STM32F3xx_HAL_Driver/stm32f3xx_hal_tim.o
 .text.TIM_TI3_SetConfig
                0x0800113e       0x32 Drivers/STM32F3xx_HAL_Driver/stm32f3xx_hal_tim.o
 .text.TIM_TI4_SetConfig
                0x08001170       0x34 Drivers/STM32F3xx_HAL_Driver/stm32f3xx_hal_tim.o
 .text.TIM_ITRx_SetConfig
                0x080011a4       0x10 Drivers/STM32F3xx_HAL_Driver/stm32f3xx_hal_tim.o
 .text.HAL_TIM_IC_MspInit
                0x080011b4        0x2 Drivers/STM32F3xx_HAL_Driver/stm32f3xx_hal_tim.o
                0x080011b4                HAL_TIM_IC_MspInit
 .text.HAL_TIM_PeriodElapsedCallback
                0x080011b6        0x2 Drivers/STM32F3xx_HAL_Driver/stm32f3xx_hal_tim.o
                0x080011b6                HAL_TIM_PeriodElapsedCallback
 .text.HAL_TIM_OC_DelayElapsedCallback
                0x080011b8        0x2 Drivers/STM32F3xx_HAL_Driver/stm32f3xx_hal_tim.o
                0x080011b8                HAL_TIM_OC_DelayElapsedCallback
 .text.HAL_TIM_PWM_PulseFinishedCallback
                0x080011ba        0x2 Drivers/STM32F3xx_HAL_Driver/stm32f3xx_hal_tim.o
                0x080011ba                HAL_TIM_PWM_PulseFinishedCallback
 .text.HAL_TIM_TriggerCallback
                0x080011bc        0x2 Drivers/STM32F3xx_HAL_Driver/stm32f3xx_hal_tim.o
                0x080011bc                HAL_TIM_TriggerCallback
 .text.HAL_TIM_IRQHandler
                0x080011be      0x19a Drivers/STM32F3xx_HAL_Driver/stm32f3xx_hal_tim.o
                0x080011be                HAL_TIM_IRQHandler
 .text.TIM_Base_SetConfig
                0x08001358       0xb8 Drivers/STM32F3xx_HAL_Driver/stm32f3xx_hal_tim.o
                0x08001358                TIM_Base_SetConfig
 .text.HAL_TIM_Base_Init
                0x08001410       0x32 Drivers/STM32F3xx_HAL_Driver/stm32f3xx_hal_tim.o
                0x08001410                HAL_TIM_Base_Init
 .text.HAL_TIM_IC_Init
                0x08001442       0x32 Drivers/STM32F3xx_HAL_Driver/stm32f3xx_hal_tim.o
                0x08001442                HAL_TIM_IC_Init
 .text.TIM_TI1_SetConfig
                0x08001474       0x84 Drivers/STM32F3xx_HAL_Driver/stm32f3xx_hal_tim.o
                0x08001474                TIM_TI1_SetConfig
 .text.HAL_TIM_IC_ConfigChannel
                0x080014f8       0xc0 Drivers/STM32F3xx_HAL_Driver/stm32f3xx_hal_tim.o
                0x080014f8                HAL_TIM_IC_ConfigChannel
 .text.TIM_ETR_SetConfig
                0x080015b8       0x18 Drivers/STM32F3xx_HAL_Driver/stm32f3xx_hal_tim.o
                0x080015b8                TIM_ETR_SetConfig
 .text.HAL_TIM_ConfigClockSource
                0x080015d0      0x118 Drivers/STM32F3xx_HAL_Driver/stm32f3xx_hal_tim.o
                0x080015d0                HAL_TIM_ConfigClockSource
 .text.TIM_CCxChannelCmd
                0x080016e8       0x1e Drivers/STM32F3xx_HAL_Driver/stm32f3xx_hal_tim.o
                0x080016e8                TIM_CCxChannelCmd
 .text.HAL_TIM_IC_Start_IT
                0x08001706       0x5e Drivers/STM32F3xx_HAL_Driver/stm32f3xx_hal_tim.o
                0x08001706                HAL_TIM_IC_Start_IT
 .text.HAL_TIMEx_MasterConfigSynchronization
                0x08001764       0x58 Drivers/STM32F3xx_HAL_Driver/stm32f3xx_hal_tim_ex.o
                0x08001764                HAL_TIMEx_MasterConfigSynchronization
 .text.HAL_TIMEx_CommutationCallback
                0x080017bc        0x2 Drivers/STM32F3xx_HAL_Driver/stm32f3xx_hal_tim_ex.o
                0x080017bc                HAL_TIMEx_CommutationCallback
 .text.HAL_TIMEx_BreakCallback
                0x080017be        0x2 Drivers/STM32F3xx_HAL_Driver/stm32f3xx_hal_tim_ex.o
                0x080017be                HAL_TIMEx_BreakCallback
 .text.HAL_TIMEx_Break2Callback
                0x080017c0        0x2 Drivers/STM32F3xx_HAL_Driver/stm32f3xx_hal_tim_ex.o
                0x080017c0                HAL_TIMEx_Break2Callback
 *fill*         0x080017c2        0x2 
 .text.__libc_init_array
                0x080017c4       0x48 c:/ac6/systemworkbench/plugins/fr.ac6.mcu.externaltools.arm-none.win32_1.15.0.201708311556/tools/compiler/bin/../lib/gcc/arm-none-eabi/6.3.1/../../../../arm-none-eabi/lib/thumb/v7e-m/fpv4-sp/hard\libc_nano.a(lib_a-init.o)
                0x080017c4                __libc_init_array
 *(.glue_7)
 .glue_7        0x0800180c        0x0 linker stubs
 *(.glue_7t)
 .glue_7t       0x0800180c        0x0 linker stubs
 *(.eh_frame)
 .eh_frame      0x0800180c        0x0 c:/ac6/systemworkbench/plugins/fr.ac6.mcu.externaltools.arm-none.win32_1.15.0.201708311556/tools/compiler/bin/../lib/gcc/arm-none-eabi/6.3.1/thumb/v7e-m/fpv4-sp/hard/crtbegin.o
 *(.init)
 .init          0x0800180c        0x4 c:/ac6/systemworkbench/plugins/fr.ac6.mcu.externaltools.arm-none.win32_1.15.0.201708311556/tools/compiler/bin/../lib/gcc/arm-none-eabi/6.3.1/thumb/v7e-m/fpv4-sp/hard/crti.o
                0x0800180c                _init
 .init          0x08001810        0x8 c:/ac6/systemworkbench/plugins/fr.ac6.mcu.externaltools.arm-none.win32_1.15.0.201708311556/tools/compiler/bin/../lib/gcc/arm-none-eabi/6.3.1/thumb/v7e-m/fpv4-sp/hard/crtn.o
 *(.fini)
 .fini          0x08001818        0x4 c:/ac6/systemworkbench/plugins/fr.ac6.mcu.externaltools.arm-none.win32_1.15.0.201708311556/tools/compiler/bin/../lib/gcc/arm-none-eabi/6.3.1/thumb/v7e-m/fpv4-sp/hard/crti.o
                0x08001818                _fini
 .fini          0x0800181c        0x8 c:/ac6/systemworkbench/plugins/fr.ac6.mcu.externaltools.arm-none.win32_1.15.0.201708311556/tools/compiler/bin/../lib/gcc/arm-none-eabi/6.3.1/thumb/v7e-m/fpv4-sp/hard/crtn.o
                0x08001824                . = ALIGN (0x4)
                0x08001824                _etext = .

.vfp11_veneer   0x08001824        0x0
 .vfp11_veneer  0x08001824        0x0 linker stubs

.v4_bx          0x08001824        0x0
 .v4_bx         0x08001824        0x0 linker stubs

.iplt           0x08001824        0x0
 .iplt          0x08001824        0x0 c:/ac6/systemworkbench/plugins/fr.ac6.mcu.externaltools.arm-none.win32_1.15.0.201708311556/tools/compiler/bin/../lib/gcc/arm-none-eabi/6.3.1/thumb/v7e-m/fpv4-sp/hard/crtbegin.o

.rodata         0x08001824       0x6c
                0x08001824                . = ALIGN (0x4)
 *(.rodata)
 .rodata        0x08001824       0x18 Drivers/CMSIS/system_stm32f3xx.o
                0x08001824                AHBPrescTable
                0x08001834                APBPrescTable
 .rodata        0x0800183c       0x20 Drivers/STM32F3xx_HAL_Driver/stm32f3xx_hal_rcc.o
                0x0800183c                aPLLMULFactorTable
                0x0800184c                aPredivFactorTable
 *(.rodata*)
 .rodata.str1.4
                0x0800185c       0x34 Application/User/main.o
                0x08001890                . = ALIGN (0x4)

.rel.dyn        0x08001890        0x0
 .rel.iplt      0x08001890        0x0 c:/ac6/systemworkbench/plugins/fr.ac6.mcu.externaltools.arm-none.win32_1.15.0.201708311556/tools/compiler/bin/../lib/gcc/arm-none-eabi/6.3.1/thumb/v7e-m/fpv4-sp/hard/crtbegin.o

.ARM.extab
 *(.ARM.extab* .gnu.linkonce.armextab.*)

.ARM            0x08001890        0x0
                0x08001890                __exidx_start = .
 *(.ARM.exidx*)
                0x08001890                __exidx_end = .

.preinit_array  0x08001890        0x0
                0x08001890                PROVIDE (__preinit_array_start, .)
 *(.preinit_array*)
                0x08001890                PROVIDE (__preinit_array_end, .)

.init_array     0x08001890        0x4
                0x08001890                PROVIDE (__init_array_start, .)
 *(SORT(.init_array.*))
 *(.init_array*)
 .init_array    0x08001890        0x4 c:/ac6/systemworkbench/plugins/fr.ac6.mcu.externaltools.arm-none.win32_1.15.0.201708311556/tools/compiler/bin/../lib/gcc/arm-none-eabi/6.3.1/thumb/v7e-m/fpv4-sp/hard/crtbegin.o
                0x08001894                PROVIDE (__init_array_end, .)

.fini_array     0x08001894        0x4
                [!provide]                PROVIDE (__fini_array_start, .)
 *(SORT(.fini_array.*))
 *(.fini_array*)
 .fini_array    0x08001894        0x4 c:/ac6/systemworkbench/plugins/fr.ac6.mcu.externaltools.arm-none.win32_1.15.0.201708311556/tools/compiler/bin/../lib/gcc/arm-none-eabi/6.3.1/thumb/v7e-m/fpv4-sp/hard/crtbegin.o
                [!provide]                PROVIDE (__fini_array_end, .)
                0x08001898                _sidata = LOADADDR (.data)

.data           0x20000000        0x4 load address 0x08001898
                0x20000000                . = ALIGN (0x4)
                0x20000000                _sdata = .
 *(.data)
 .data          0x20000000        0x4 Drivers/CMSIS/system_stm32f3xx.o
                0x20000000                SystemCoreClock
 *(.data*)
                0x20000004                . = ALIGN (0x4)
                0x20000004                _edata = .
                0x0800189c                _siccmram = LOADADDR (.ccmram)

.jcr            0x20000004        0x0 load address 0x0800189c
 .jcr           0x20000004        0x0 c:/ac6/systemworkbench/plugins/fr.ac6.mcu.externaltools.arm-none.win32_1.15.0.201708311556/tools/compiler/bin/../lib/gcc/arm-none-eabi/6.3.1/thumb/v7e-m/fpv4-sp/hard/crtbegin.o

.igot.plt       0x20000004        0x0 load address 0x0800189c
 .igot.plt      0x20000004        0x0 c:/ac6/systemworkbench/plugins/fr.ac6.mcu.externaltools.arm-none.win32_1.15.0.201708311556/tools/compiler/bin/../lib/gcc/arm-none-eabi/6.3.1/thumb/v7e-m/fpv4-sp/hard/crtbegin.o

.ccmram         0x10000000        0x0 load address 0x0800189c
                0x10000000                . = ALIGN (0x4)
                0x10000000                _sccmram = .
 *(.ccmram)
 *(.ccmram*)
                0x10000000                . = ALIGN (0x4)
                0x10000000                _eccmram = .
                0x10000000                . = ALIGN (0x4)

.bss            0x20000004       0x64
                0x20000004                _sbss = .
                0x20000004                __bss_start__ = _sbss
 *(.bss)
 .bss           0x20000004       0x1c c:/ac6/systemworkbench/plugins/fr.ac6.mcu.externaltools.arm-none.win32_1.15.0.201708311556/tools/compiler/bin/../lib/gcc/arm-none-eabi/6.3.1/thumb/v7e-m/fpv4-sp/hard/crtbegin.o
 *(.bss*)
 *(COMMON)
 COMMON         0x20000020       0x44 Application/User/main.o
                0x20000020                input_capture
                0x20000024                htim2
 COMMON         0x20000064        0x4 Drivers/STM32F3xx_HAL_Driver/stm32f3xx_hal.o
                0x20000064                uwTick
                0x20000068                . = ALIGN (0x4)
                0x20000068                _ebss = .
                0x20000068                __bss_end__ = _ebss

._user_heap_stack
                0x20000068      0x600
                0x20000068                . = ALIGN (0x8)
                [!provide]                PROVIDE (end, .)
                [!provide]                PROVIDE (_end, .)
                0x20000268                . = (. + _Min_Heap_Size)
 *fill*         0x20000068      0x200 
                0x20000668                . = (. + _Min_Stack_Size)
 *fill*         0x20000268      0x400 
                0x20000668                . = ALIGN (0x8)

/DISCARD/
 libc.a(*)
 libm.a(*)
 libgcc.a(*)

.ARM.attributes
                0x00000000       0x30
 *(.ARM.attributes)
 .ARM.attributes
                0x00000000       0x22 c:/ac6/systemworkbench/plugins/fr.ac6.mcu.externaltools.arm-none.win32_1.15.0.201708311556/tools/compiler/bin/../lib/gcc/arm-none-eabi/6.3.1/thumb/v7e-m/fpv4-sp/hard/crti.o
 .ARM.attributes
                0x00000022       0x34 c:/ac6/systemworkbench/plugins/fr.ac6.mcu.externaltools.arm-none.win32_1.15.0.201708311556/tools/compiler/bin/../lib/gcc/arm-none-eabi/6.3.1/thumb/v7e-m/fpv4-sp/hard/crtbegin.o
 .ARM.attributes
                0x00000056       0x21 Application/SW4STM32/startup_stm32f303xc.o
 .ARM.attributes
                0x00000077       0x39 Application/User/main.o
 .ARM.attributes
                0x000000b0       0x39 Application/User/stm32f3xx_hal_msp.o
 .ARM.attributes
                0x000000e9       0x39 Application/User/stm32f3xx_it.o
 .ARM.attributes
                0x00000122       0x39 Drivers/CMSIS/system_stm32f3xx.o
 .ARM.attributes
                0x0000015b       0x39 Drivers/STM32F3xx_HAL_Driver/stm32f3xx_hal.o
 .ARM.attributes
                0x00000194       0x39 Drivers/STM32F3xx_HAL_Driver/stm32f3xx_hal_cortex.o
 .ARM.attributes
                0x000001cd       0x39 Drivers/STM32F3xx_HAL_Driver/stm32f3xx_hal_gpio.o
 .ARM.attributes
                0x00000206       0x39 Drivers/STM32F3xx_HAL_Driver/stm32f3xx_hal_rcc.o
 .ARM.attributes
                0x0000023f       0x39 Drivers/STM32F3xx_HAL_Driver/stm32f3xx_hal_tim.o
 .ARM.attributes
                0x00000278       0x39 Drivers/STM32F3xx_HAL_Driver/stm32f3xx_hal_tim_ex.o
 .ARM.attributes
                0x000002b1       0x34 c:/ac6/systemworkbench/plugins/fr.ac6.mcu.externaltools.arm-none.win32_1.15.0.201708311556/tools/compiler/bin/../lib/gcc/arm-none-eabi/6.3.1/../../../../arm-none-eabi/lib/thumb/v7e-m/fpv4-sp/hard\libc_nano.a(lib_a-init.o)
 .ARM.attributes
                0x000002e5       0x22 c:/ac6/systemworkbench/plugins/fr.ac6.mcu.externaltools.arm-none.win32_1.15.0.201708311556/tools/compiler/bin/../lib/gcc/arm-none-eabi/6.3.1/thumb/v7e-m/fpv4-sp/hard/crtn.o
OUTPUT(M01_Input_capture.elf elf32-littlearm)

.debug_line     0x00000000     0x6fb9
 .debug_line    0x00000000       0xa6 Application/SW4STM32/startup_stm32f303xc.o
 .debug_line    0x000000a6      0x7ea Application/User/main.o
 .debug_line    0x00000890      0x79e Application/User/stm32f3xx_hal_msp.o
 .debug_line    0x0000102e      0x802 Application/User/stm32f3xx_it.o
 .debug_line    0x00001830      0x795 Drivers/CMSIS/system_stm32f3xx.o
 .debug_line    0x00001fc5      0x8f9 Drivers/STM32F3xx_HAL_Driver/stm32f3xx_hal.o
 .debug_line    0x000028be      0x96c Drivers/STM32F3xx_HAL_Driver/stm32f3xx_hal_cortex.o
 .debug_line    0x0000322a      0x8cb Drivers/STM32F3xx_HAL_Driver/stm32f3xx_hal_gpio.o
 .debug_line    0x00003af5      0xc24 Drivers/STM32F3xx_HAL_Driver/stm32f3xx_hal_rcc.o
 .debug_line    0x00004719     0x19ca Drivers/STM32F3xx_HAL_Driver/stm32f3xx_hal_tim.o
 .debug_line    0x000060e3      0xed6 Drivers/STM32F3xx_HAL_Driver/stm32f3xx_hal_tim_ex.o

.debug_info     0x00000000     0xee40
 .debug_info    0x00000000       0xb6 Application/SW4STM32/startup_stm32f303xc.o
 .debug_info    0x000000b6     0x16fb Application/User/main.o
 .debug_info    0x000017b1     0x13cd Application/User/stm32f3xx_hal_msp.o
 .debug_info    0x00002b7e      0xee4 Application/User/stm32f3xx_it.o
 .debug_info    0x00003a62      0xc34 Drivers/CMSIS/system_stm32f3xx.o
 .debug_info    0x00004696      0xfc8 Drivers/STM32F3xx_HAL_Driver/stm32f3xx_hal.o
 .debug_info    0x0000565e     0x16c4 Drivers/STM32F3xx_HAL_Driver/stm32f3xx_hal_cortex.o
 .debug_info    0x00006d22      0xef1 Drivers/STM32F3xx_HAL_Driver/stm32f3xx_hal_gpio.o
 .debug_info    0x00007c13     0x1bb3 Drivers/STM32F3xx_HAL_Driver/stm32f3xx_hal_rcc.o
 .debug_info    0x000097c6     0x37c1 Drivers/STM32F3xx_HAL_Driver/stm32f3xx_hal_tim.o
 .debug_info    0x0000cf87     0x1eb9 Drivers/STM32F3xx_HAL_Driver/stm32f3xx_hal_tim_ex.o

.debug_abbrev   0x00000000     0x1b93
 .debug_abbrev  0x00000000       0x12 Application/SW4STM32/startup_stm32f303xc.o
 .debug_abbrev  0x00000012      0x2e1 Application/User/main.o
 .debug_abbrev  0x000002f3      0x250 Application/User/stm32f3xx_hal_msp.o
 .debug_abbrev  0x00000543      0x21d Application/User/stm32f3xx_it.o
 .debug_abbrev  0x00000760      0x205 Drivers/CMSIS/system_stm32f3xx.o
 .debug_abbrev  0x00000965      0x2d6 Drivers/STM32F3xx_HAL_Driver/stm32f3xx_hal.o
 .debug_abbrev  0x00000c3b      0x3b8 Drivers/STM32F3xx_HAL_Driver/stm32f3xx_hal_cortex.o
 .debug_abbrev  0x00000ff3      0x2a5 Drivers/STM32F3xx_HAL_Driver/stm32f3xx_hal_gpio.o
 .debug_abbrev  0x00001298      0x343 Drivers/STM32F3xx_HAL_Driver/stm32f3xx_hal_rcc.o
 .debug_abbrev  0x000015db      0x2dc Drivers/STM32F3xx_HAL_Driver/stm32f3xx_hal_tim.o
 .debug_abbrev  0x000018b7      0x2dc Drivers/STM32F3xx_HAL_Driver/stm32f3xx_hal_tim_ex.o

.debug_aranges  0x00000000      0x870
 .debug_aranges
                0x00000000       0x28 Application/SW4STM32/startup_stm32f303xc.o
 .debug_aranges
                0x00000028       0x48 Application/User/main.o
 .debug_aranges
                0x00000070       0x30 Application/User/stm32f3xx_hal_msp.o
 .debug_aranges
                0x000000a0       0x68 Application/User/stm32f3xx_it.o
 .debug_aranges
                0x00000108       0x28 Drivers/CMSIS/system_stm32f3xx.o
 .debug_aranges
                0x00000130       0xc8 Drivers/STM32F3xx_HAL_Driver/stm32f3xx_hal.o
 .debug_aranges
                0x000001f8       0xa8 Drivers/STM32F3xx_HAL_Driver/stm32f3xx_hal_cortex.o
 .debug_aranges
                0x000002a0       0x58 Drivers/STM32F3xx_HAL_Driver/stm32f3xx_hal_gpio.o
 .debug_aranges
                0x000002f8       0x88 Drivers/STM32F3xx_HAL_Driver/stm32f3xx_hal_rcc.o
 .debug_aranges
                0x00000380      0x378 Drivers/STM32F3xx_HAL_Driver/stm32f3xx_hal_tim.o
 .debug_aranges
                0x000006f8      0x178 Drivers/STM32F3xx_HAL_Driver/stm32f3xx_hal_tim_ex.o

.debug_ranges   0x00000000      0x848
 .debug_ranges  0x00000000       0x20 Application/SW4STM32/startup_stm32f303xc.o
 .debug_ranges  0x00000020       0x38 Application/User/main.o
 .debug_ranges  0x00000058       0x20 Application/User/stm32f3xx_hal_msp.o
 .debug_ranges  0x00000078       0x58 Application/User/stm32f3xx_it.o
 .debug_ranges  0x000000d0       0x18 Drivers/CMSIS/system_stm32f3xx.o
 .debug_ranges  0x000000e8       0xb8 Drivers/STM32F3xx_HAL_Driver/stm32f3xx_hal.o
 .debug_ranges  0x000001a0       0xf8 Drivers/STM32F3xx_HAL_Driver/stm32f3xx_hal_cortex.o
 .debug_ranges  0x00000298       0x48 Drivers/STM32F3xx_HAL_Driver/stm32f3xx_hal_gpio.o
 .debug_ranges  0x000002e0       0x98 Drivers/STM32F3xx_HAL_Driver/stm32f3xx_hal_rcc.o
 .debug_ranges  0x00000378      0x368 Drivers/STM32F3xx_HAL_Driver/stm32f3xx_hal_tim.o
 .debug_ranges  0x000006e0      0x168 Drivers/STM32F3xx_HAL_Driver/stm32f3xx_hal_tim_ex.o

.debug_loc      0x00000000     0x62a1
 .debug_loc     0x00000000       0x21 Application/User/main.o
 .debug_loc     0x00000021       0x5b Application/User/stm32f3xx_hal_msp.o
 .debug_loc     0x0000007c       0xff Drivers/CMSIS/system_stm32f3xx.o
 .debug_loc     0x0000017b       0x69 Drivers/STM32F3xx_HAL_Driver/stm32f3xx_hal.o
 .debug_loc     0x000001e4      0x5ce Drivers/STM32F3xx_HAL_Driver/stm32f3xx_hal_cortex.o
 .debug_loc     0x000007b2      0x331 Drivers/STM32F3xx_HAL_Driver/stm32f3xx_hal_gpio.o
 .debug_loc     0x00000ae3      0x908 Drivers/STM32F3xx_HAL_Driver/stm32f3xx_hal_rcc.o
 .debug_loc     0x000013eb     0x35de Drivers/STM32F3xx_HAL_Driver/stm32f3xx_hal_tim.o
 .debug_loc     0x000049c9     0x18d8 Drivers/STM32F3xx_HAL_Driver/stm32f3xx_hal_tim_ex.o

.debug_macro    0x00000000    0x19d38
 .debug_macro   0x00000000      0x304 Application/User/main.o
 .debug_macro   0x00000304      0x8bc Application/User/main.o
 .debug_macro   0x00000bc0       0x10 Application/User/main.o
 .debug_macro   0x00000bd0       0x9f Application/User/main.o
 .debug_macro   0x00000c6f       0x2f Application/User/main.o
 .debug_macro   0x00000c9e       0x28 Application/User/main.o
 .debug_macro   0x00000cc6       0x22 Application/User/main.o
 .debug_macro   0x00000ce8       0x87 Application/User/main.o
 .debug_macro   0x00000d6f       0x51 Application/User/main.o
 .debug_macro   0x00000dc0       0xef Application/User/main.o
 .debug_macro   0x00000eaf       0x6a Application/User/main.o
 .debug_macro   0x00000f19      0x1df Application/User/main.o
 .debug_macro   0x000010f8       0x35 Application/User/main.o
 .debug_macro   0x0000112d       0x50 Application/User/main.o
 .debug_macro   0x0000117d      0xe66 Application/User/main.o
 .debug_macro   0x00001fe3    0x12a56 Application/User/main.o
 .debug_macro   0x00014a39       0x43 Application/User/main.o
 .debug_macro   0x00014a7c       0x58 Application/User/main.o
 .debug_macro   0x00014ad4       0x35 Application/User/main.o
 .debug_macro   0x00014b09       0x9c Application/User/main.o
 .debug_macro   0x00014ba5       0x16 Application/User/main.o
 .debug_macro   0x00014bbb       0x97 Application/User/main.o
 .debug_macro   0x00014c52      0x330 Application/User/main.o
 .debug_macro   0x00014f82       0xfd Application/User/main.o
 .debug_macro   0x0001507f       0x10 Application/User/main.o
 .debug_macro   0x0001508f       0x58 Application/User/main.o
 .debug_macro   0x000150e7       0x1f Application/User/main.o
 .debug_macro   0x00015106       0x43 Application/User/main.o
 .debug_macro   0x00015149       0x20 Application/User/main.o
 .debug_macro   0x00015169      0x187 Application/User/main.o
 .debug_macro   0x000152f0       0x10 Application/User/main.o
 .debug_macro   0x00015300       0x1c Application/User/main.o
 .debug_macro   0x0001531c       0x52 Application/User/main.o
 .debug_macro   0x0001536e       0x40 Application/User/main.o
 .debug_macro   0x000153ae       0x10 Application/User/main.o
 .debug_macro   0x000153be       0x40 Application/User/main.o
 .debug_macro   0x000153fe       0xd7 Application/User/main.o
 .debug_macro   0x000154d5       0x16 Application/User/main.o
 .debug_macro   0x000154eb      0x18b Application/User/main.o
 .debug_macro   0x00015676       0x49 Application/User/main.o
 .debug_macro   0x000156bf      0x968 Application/User/main.o
 .debug_macro   0x00016027      0x5fe Application/User/main.o
 .debug_macro   0x00016625      0x13a Application/User/main.o
 .debug_macro   0x0001675f      0x1fb Application/User/main.o
 .debug_macro   0x0001695a      0x1bc Application/User/main.o
 .debug_macro   0x00016b16       0x31 Application/User/main.o
 .debug_macro   0x00016b47       0x3c Application/User/main.o
 .debug_macro   0x00016b83      0x23a Application/User/main.o
 .debug_macro   0x00016dbd       0xcb Application/User/main.o
 .debug_macro   0x00016e88      0x22b Application/User/main.o
 .debug_macro   0x000170b3      0x202 Application/User/main.o
 .debug_macro   0x000172b5       0x5b Application/User/main.o
 .debug_macro   0x00017310       0x90 Application/User/main.o
 .debug_macro   0x000173a0       0x82 Application/User/main.o
 .debug_macro   0x00017422       0xd3 Application/User/main.o
 .debug_macro   0x000174f5      0x6af Application/User/main.o
 .debug_macro   0x00017ba4      0x38a Application/User/main.o
 .debug_macro   0x00017f2e      0x26e Application/User/main.o
 .debug_macro   0x0001819c      0x300 Application/User/stm32f3xx_hal_msp.o
 .debug_macro   0x0001849c      0x30a Application/User/stm32f3xx_it.o
 .debug_macro   0x000187a6      0x306 Drivers/CMSIS/system_stm32f3xx.o
 .debug_macro   0x00018aac      0x324 Drivers/STM32F3xx_HAL_Driver/stm32f3xx_hal.o
 .debug_macro   0x00018dd0      0x300 Drivers/STM32F3xx_HAL_Driver/stm32f3xx_hal_cortex.o
 .debug_macro   0x000190d0      0x338 Drivers/STM32F3xx_HAL_Driver/stm32f3xx_hal_gpio.o
 .debug_macro   0x00019408      0x324 Drivers/STM32F3xx_HAL_Driver/stm32f3xx_hal_rcc.o
 .debug_macro   0x0001972c      0x300 Drivers/STM32F3xx_HAL_Driver/stm32f3xx_hal_tim.o
 .debug_macro   0x00019a2c      0x30c Drivers/STM32F3xx_HAL_Driver/stm32f3xx_hal_tim_ex.o

.debug_str      0x00000000    0x92f33
 .debug_str     0x00000000    0x90d40 Application/User/main.o
                              0x91108 (size before relaxing)
 .debug_str     0x00090d40      0x158 Application/User/stm32f3xx_hal_msp.o
                              0x90e4e (size before relaxing)
 .debug_str     0x00090e98      0x124 Application/User/stm32f3xx_it.o
                              0x90976 (size before relaxing)
 .debug_str     0x00090fbc       0xf2 Drivers/CMSIS/system_stm32f3xx.o
                              0x905cf (size before relaxing)
 .debug_str     0x000910ae      0x3b4 Drivers/STM32F3xx_HAL_Driver/stm32f3xx_hal.o
                              0x90d5f (size before relaxing)
 .debug_str     0x00091462      0x363 Drivers/STM32F3xx_HAL_Driver/stm32f3xx_hal_cortex.o
                              0x90e54 (size before relaxing)
 .debug_str     0x000917c5      0x257 Drivers/STM32F3xx_HAL_Driver/stm32f3xx_hal_gpio.o
                              0x9082c (size before relaxing)
 .debug_str     0x00091a1c      0x2e9 Drivers/STM32F3xx_HAL_Driver/stm32f3xx_hal_rcc.o
                              0x90a36 (size before relaxing)
 .debug_str     0x00091d05      0xcbf Drivers/STM32F3xx_HAL_Driver/stm32f3xx_hal_tim.o
                              0x916db (size before relaxing)
 .debug_str     0x000929c4      0x56f Drivers/STM32F3xx_HAL_Driver/stm32f3xx_hal_tim_ex.o
                              0x91141 (size before relaxing)

.comment        0x00000000       0x7f
 .comment       0x00000000       0x7f Application/User/main.o
                                 0x80 (size before relaxing)
 .comment       0x0000007f       0x80 Application/User/stm32f3xx_hal_msp.o
 .comment       0x0000007f       0x80 Application/User/stm32f3xx_it.o
 .comment       0x0000007f       0x80 Drivers/CMSIS/system_stm32f3xx.o
 .comment       0x0000007f       0x80 Drivers/STM32F3xx_HAL_Driver/stm32f3xx_hal.o
 .comment       0x0000007f       0x80 Drivers/STM32F3xx_HAL_Driver/stm32f3xx_hal_cortex.o
 .comment       0x0000007f       0x80 Drivers/STM32F3xx_HAL_Driver/stm32f3xx_hal_gpio.o
 .comment       0x0000007f       0x80 Drivers/STM32F3xx_HAL_Driver/stm32f3xx_hal_rcc.o
 .comment       0x0000007f       0x80 Drivers/STM32F3xx_HAL_Driver/stm32f3xx_hal_tim.o
 .comment       0x0000007f       0x80 Drivers/STM32F3xx_HAL_Driver/stm32f3xx_hal_tim_ex.o

.debug_frame    0x00000000     0x15b0
 .debug_frame   0x00000000       0xa8 Application/User/main.o
 .debug_frame   0x000000a8       0x64 Application/User/stm32f3xx_hal_msp.o
 .debug_frame   0x0000010c       0xc0 Application/User/stm32f3xx_it.o
 .debug_frame   0x000001cc       0x30 Drivers/CMSIS/system_stm32f3xx.o
 .debug_frame   0x000001fc      0x198 Drivers/STM32F3xx_HAL_Driver/stm32f3xx_hal.o
 .debug_frame   0x00000394      0x15c Drivers/STM32F3xx_HAL_Driver/stm32f3xx_hal_cortex.o
 .debug_frame   0x000004f0       0xd0 Drivers/STM32F3xx_HAL_Driver/stm32f3xx_hal_gpio.o
 .debug_frame   0x000005c0      0x14c Drivers/STM32F3xx_HAL_Driver/stm32f3xx_hal_rcc.o
 .debug_frame   0x0000070c      0xa1c Drivers/STM32F3xx_HAL_Driver/stm32f3xx_hal_tim.o
 .debug_frame   0x00001128      0x45c Drivers/STM32F3xx_HAL_Driver/stm32f3xx_hal_tim_ex.o
 .debug_frame   0x00001584       0x2c c:/ac6/systemworkbench/plugins/fr.ac6.mcu.externaltools.arm-none.win32_1.15.0.201708311556/tools/compiler/bin/../lib/gcc/arm-none-eabi/6.3.1/../../../../arm-none-eabi/lib/thumb/v7e-m/fpv4-sp/hard\libc_nano.a(lib_a-init.o)
